
> Modern 3D Website Design@0.1.0 build
> vite build

[36mvite v6.4.1 [32mbuilding for production...[36m[39m
transforming...
[32m✓[39m 23 modules transformed.
[31m✗[39m Build failed in 509ms
[31merror during build:
[31m[vite:esbuild] Transform failed with 7 errors:
C:/Users/HIJAZ TR/Desktop/bytechsol-llc/src/components/ServiceDetailPage.tsx:2445:2: ERROR: The constant "comparison" must be initialized
C:/Users/HIJAZ TR/Desktop/bytechsol-llc/src/components/ServiceDetailPage.tsx:2460:2: ERROR: The constant "industries" must be initialized
C:/Users/HIJAZ TR/Desktop/bytechsol-llc/src/components/ServiceDetailPage.tsx:2460:2: ERROR: The symbol "industries" has already been declared
C:/Users/HIJAZ TR/Desktop/bytechsol-llc/src/components/ServiceDetailPage.tsx:2467:2: ERROR: The constant "cta" must be initialized
C:/Users/HIJAZ TR/Desktop/bytechsol-llc/src/components/ServiceDetailPage.tsx:2476:2: ERROR: The constant "faqs" must be initialized
...[31m
file: [36mC:/Users/HIJAZ TR/Desktop/bytechsol-llc/src/components/ServiceDetailPage.tsx:2445:2[31m
[33m
[33mThe constant "comparison" must be initialized[33m
2443|    }
2444|  },
2445|    comparison: {
   |    ^
2446|      titleLead: 'Brand',
2447|      titleAccent: 'vs',

[33mThe constant "industries" must be initialized[33m
2458|      rightAdvantages: brandAdvantages
2459|    },
2460|    industries: {
   |    ^
2461|      eyebrow: 'Industries we serve',
2462|      title: 'Brand building across industries',

[33mThe symbol "industries" has already been declared[33m
2458|      rightAdvantages: brandAdvantages
2459|    },
2460|    industries: {
   |    ^
2461|      eyebrow: 'Industries we serve',
2462|      title: 'Brand building across industries',

[33mThe constant "cta" must be initialized[33m
2465|      items: brandIndustries
2466|    },
2467|    cta: {
   |    ^
2468|      eyebrow: 'Ready to grow',
2469|      title: 'Ready to Build a Powerful Brand?',

[33mThe constant "faqs" must be initialized[33m
2474|      image: 'https://images.unsplash.com/photo-1519389950473-47ba0277781c?auto=format&fit=crop&w=1200&q=80'
2475|    },
2476|    faqs: brandFaqs
   |    ^
2477|  };
2478|  

[33mThe symbol "faqs" has already been declared[33m
2474|      image: 'https://images.unsplash.com/photo-1519389950473-47ba0277781c?auto=format&fit=crop&w=1200&q=80'
2475|    },
2476|    faqs: brandFaqs
   |    ^
2477|  };
2478|  

[33mUnexpected "}"[33m
2475|    },
2476|    faqs: brandFaqs
2477|  };
   |  ^
2478|  
2479|  const seoContent = {
[31m
    at failureErrorWithLog (C:\Users\HIJAZ TR\Desktop\bytechsol-llc\node_modules\esbuild\lib\main.js:1467:15)
    at C:\Users\HIJAZ TR\Desktop\bytechsol-llc\node_modules\esbuild\lib\main.js:736:50
    at responseCallbacks.<computed> (C:\Users\HIJAZ TR\Desktop\bytechsol-llc\node_modules\esbuild\lib\main.js:603:9)
    at handleIncomingPacket (C:\Users\HIJAZ TR\Desktop\bytechsol-llc\node_modules\esbuild\lib\main.js:658:12)
    at Socket.readFromStdout (C:\Users\HIJAZ TR\Desktop\bytechsol-llc\node_modules\esbuild\lib\main.js:581:7)
    at Socket.emit (node:events:518:28)
    at addChunk (node:internal/streams/readable:561:12)
    at readableAddChunkPushByteMode (node:internal/streams/readable:512:3)
    at Readable.push (node:internal/streams/readable:392:5)
    at Pipe.onStreamRead (node:internal/stream_base_commons:189:23)[39m
